eeschema (2013-07-07 BZR 4022)-stable  >> Creation date: 12/19/2014 11:19:18 PM
#Cmp ( order = Reference )
| C1         Cfilter     
| C2         Cfilter     
| C3         Cfilter     
| C4         Cfilter     
| C5         Cfilter     
| C6         Cfilter     
| C7         Cfilter     
| C8         Cfilter     
| C9         Cdecouple   
| C10        Cdecouple   
| C11        Cdecouple   
| C12        Cdecouple   
| C13        Cdecouple   
| C14        10uF        
| P1         CONN_12     
| Q1         MOS_P       
| R1         RD          
| R2         RD          
| R3         RD          
| R4         RD          
| R5         RD          
| R6         RD          
| R7         RD          
| R8         RD          
| R9         OpR1        
| R10        OpR1        
| R11        OpR1        
| R12        OpR1        
| R13        OpR1        
| R14        OpR1        
| R15        OpR1        
| R16        OpR1        
| R17        OpR2        
| R18        OpR2        
| R19        OpR2        
| R20        OpR2        
| R21        OpR2        
| R22        OpR2        
| R23        OpR2        
| R24        OpR2        
| R25        Rfilter     
| R26        Rfilter     
| R27        Rfilter     
| R28        Rfilter     
| R29        FloorRef1   
| R30        FloorRef2   
| R31        OpR1        
| R32        OpR1        
| R33        OpR1        
| R34        OpR1        
| R35        OpR1        
| R36        OpR1        
| R37        OpR1        
| R38        OpR1        
| R39        OpR2        
| R40        OpR2        
| R41        OpR2        
| R42        OpR2        
| R43        OpR2        
| R44        OpR2        
| R45        OpR2        
| R46        OpR2        
| R47        Rfilter     
| R48        Rfilter     
| R49        Rfilter     
| R50        Rfilter     
| R51        10K         
| TH1        THERM       
| TH2        THERM       
| TH3        THERM       
| TH4        THERM       
| TH5        THERM       
| TH6        THERM       
| TH7        THERM       
| TH8        THERM       
| U1         LM324       
| U2         LM324       
| U3         LM324       
| U4         TL071       
| U5         LM324       
#End Cmp

#Cmp ( order = Value )
| 10uF         C14       
| Cfilter      C1        
| Cfilter      C2        
| Cfilter      C3        
| Cfilter      C4        
| Cfilter      C5        
| Cfilter      C6        
| Cfilter      C7        
| Cfilter      C8        
| Cdecouple    C9        
| Cdecouple    C10       
| Cdecouple    C11       
| Cdecouple    C12       
| Cdecouple    C13       
| CONN_12      P1        
| MOS_P        Q1        
| 10K          R51       
| RD           R1        
| RD           R2        
| RD           R3        
| RD           R4        
| RD           R5        
| RD           R6        
| RD           R7        
| RD           R8        
| OpR1         R9        
| OpR1         R10       
| OpR1         R11       
| OpR1         R12       
| OpR1         R13       
| OpR1         R14       
| OpR1         R15       
| OpR1         R16       
| OpR2         R17       
| OpR2         R18       
| OpR2         R19       
| OpR2         R20       
| OpR2         R21       
| OpR2         R22       
| OpR2         R23       
| OpR2         R24       
| Rfilter      R25       
| Rfilter      R26       
| Rfilter      R27       
| Rfilter      R28       
| FloorRef1    R29       
| FloorRef2    R30       
| OpR1         R31       
| OpR1         R32       
| OpR1         R33       
| OpR1         R34       
| OpR1         R35       
| OpR1         R36       
| OpR1         R37       
| OpR1         R38       
| OpR2         R39       
| OpR2         R40       
| OpR2         R41       
| OpR2         R42       
| OpR2         R43       
| OpR2         R44       
| OpR2         R45       
| OpR2         R46       
| Rfilter      R47       
| Rfilter      R48       
| Rfilter      R49       
| Rfilter      R50       
| THERM        TH1       
| THERM        TH2       
| THERM        TH3       
| THERM        TH4       
| THERM        TH5       
| THERM        TH6       
| THERM        TH7       
| THERM        TH8       
| LM324        U1        
| LM324        U2        
| LM324        U3        
| TL071        U4        
| LM324        U5        
#End Cmp

#End List
